{
  "version": "1.5.0",
  "plugins_used": [
    {
      "name": "ArtifactoryDetector"
    },
    {
      "name": "AWSKeyDetector"
    },
    {
      "name": "AzureStorageKeyDetector"
    },
    {
      "name": "Base64HighEntropyString",
      "limit": 4.5
    },
    {
      "name": "BasicAuthDetector"
    },
    {
      "name": "CloudantDetector"
    },
    {
      "name": "DiscordBotTokenDetector"
    },
    {
      "name": "GitHubTokenDetector"
    },
    {
      "name": "GitLabTokenDetector"
    },
    {
      "name": "HexHighEntropyString",
      "limit": 3.0
    },
    {
      "name": "IbmCloudIamDetector"
    },
    {
      "name": "IbmCosHmacDetector"
    },
    {
      "name": "IPPublicDetector"
    },
    {
      "name": "JwtTokenDetector"
    },
    {
      "name": "KeywordDetector",
      "keyword_exclude": ""
    },
    {
      "name": "MailchimpDetector"
    },
    {
      "name": "NpmDetector"
    },
    {
      "name": "OpenAIDetector"
    },
    {
      "name": "PrivateKeyDetector"
    },
    {
      "name": "PypiTokenDetector"
    },
    {
      "name": "SendGridDetector"
    },
    {
      "name": "SlackDetector"
    },
    {
      "name": "SoftlayerDetector"
    },
    {
      "name": "SquareOAuthDetector"
    },
    {
      "name": "StripeDetector"
    },
    {
      "name": "TelegramBotTokenDetector"
    },
    {
      "name": "TwilioKeyDetector"
    }
  ],
  "filters_used": [
    {
      "path": "detect_secrets.filters.allowlist.is_line_allowlisted"
    },
    {
      "path": "detect_secrets.filters.common.is_ignored_due_to_verification_policies",
      "min_level": 2
    },
    {
      "path": "detect_secrets.filters.heuristic.is_indirect_reference"
    },
    {
      "path": "detect_secrets.filters.heuristic.is_likely_id_string"
    },
    {
      "path": "detect_secrets.filters.heuristic.is_lock_file"
    },
    {
      "path": "detect_secrets.filters.heuristic.is_not_alphanumeric_string"
    },
    {
      "path": "detect_secrets.filters.heuristic.is_potential_uuid"
    },
    {
      "path": "detect_secrets.filters.heuristic.is_prefixed_with_dollar_sign"
    },
    {
      "path": "detect_secrets.filters.heuristic.is_sequential_string"
    },
    {
      "path": "detect_secrets.filters.heuristic.is_swagger_file"
    },
    {
      "path": "detect_secrets.filters.heuristic.is_templated_secret"
    },
    {
      "path": "detect_secrets.filters.regex.should_exclude_file",
      "pattern": [
        "octobot/|tentacles/|user/|node_modules/|\\.next/|tests/cassettes/|test_exchange_client"
      ]
    },
    {
      "path": "detect_secrets.filters.regex.should_exclude_line",
      "pattern": [
        "FAKE_|DUMMY_|TEST_|example|placeholder"
      ]
    }
  ],
  "results": {
    ".env.local.example": [
      {
        "type": "Basic Auth Credentials",
        "filename": ".env.local.example",
        "hashed_secret": "58729d0e6d2a32cc897bd6d601980806738619ed",
        "is_verified": false,
        "line_number": 2
      }
    ],
    ".env.staging.example": [
      {
        "type": "Basic Auth Credentials",
        "filename": ".env.staging.example",
        "hashed_secret": "5baa61e4c9b93f3f0682250b6cf8331b7ee68fd8",
        "is_verified": false,
        "line_number": 18
      }
    ],
    ".github/workflows/ci.yml": [
      {
        "type": "Secret Keyword",
        "filename": ".github/workflows/ci.yml",
        "hashed_secret": "9fb7fe1217aed442b04c0f5e43b5d5a7d3287097",
        "is_verified": false,
        "line_number": 59
      },
      {
        "type": "Basic Auth Credentials",
        "filename": ".github/workflows/ci.yml",
        "hashed_secret": "9fb7fe1217aed442b04c0f5e43b5d5a7d3287097",
        "is_verified": false,
        "line_number": 70
      },
      {
        "type": "Secret Keyword",
        "filename": ".github/workflows/ci.yml",
        "hashed_secret": "fc2be64740582b3457bdd0ce15491199d93aa87f",
        "is_verified": false,
        "line_number": 95
      }
    ],
    ".github/workflows/pr-lint-report.yml": [
      {
        "type": "Secret Keyword",
        "filename": ".github/workflows/pr-lint-report.yml",
        "hashed_secret": "9fb7fe1217aed442b04c0f5e43b5d5a7d3287097",
        "is_verified": false,
        "line_number": 25
      },
      {
        "type": "Basic Auth Credentials",
        "filename": ".github/workflows/pr-lint-report.yml",
        "hashed_secret": "9fb7fe1217aed442b04c0f5e43b5d5a7d3287097",
        "is_verified": false,
        "line_number": 36
      },
      {
        "type": "Secret Keyword",
        "filename": ".github/workflows/pr-lint-report.yml",
        "hashed_secret": "fc2be64740582b3457bdd0ce15491199d93aa87f",
        "is_verified": false,
        "line_number": 60
      }
    ],
    ".skills/web3-testing-patterns.md": [
      {
        "type": "Secret Keyword",
        "filename": ".skills/web3-testing-patterns.md",
        "hashed_secret": "1a349dcc540a3978584510d982075f838b17cd6d",
        "is_verified": false,
        "line_number": 124
      }
    ],
    "backend/app/exchange/client.py": [
      {
        "type": "Secret Keyword",
        "filename": "backend/app/exchange/client.py",
        "hashed_secret": "504a3bd1d38b79d8e78a027b1848cd7a58c04481",
        "is_verified": false,
        "line_number": 69
      }
    ],
    "backend/app/exchange/kraken_client.py": [
      {
        "type": "Secret Keyword",
        "filename": "backend/app/exchange/kraken_client.py",
        "hashed_secret": "504a3bd1d38b79d8e78a027b1848cd7a58c04481",
        "is_verified": false,
        "line_number": 48
      }
    ],
    "backend/app/exchange/okx_client.py": [
      {
        "type": "Secret Keyword",
        "filename": "backend/app/exchange/okx_client.py",
        "hashed_secret": "504a3bd1d38b79d8e78a027b1848cd7a58c04481",
        "is_verified": false,
        "line_number": 49
      }
    ],
    "backend/tests/test_aave_client.py": [
      {
        "type": "Secret Keyword",
        "filename": "backend/tests/test_aave_client.py",
        "hashed_secret": "c70e773f954a522ba14a1ee32c192eea20f096e1",
        "is_verified": false,
        "line_number": 36
      },
      {
        "type": "Secret Keyword",
        "filename": "backend/tests/test_aave_client.py",
        "hashed_secret": "1a349dcc540a3978584510d982075f838b17cd6d",
        "is_verified": false,
        "line_number": 252
      }
    ],
    "backend/tests/test_aave_web3_client.py": [
      {
        "type": "Secret Keyword",
        "filename": "backend/tests/test_aave_web3_client.py",
        "hashed_secret": "1a349dcc540a3978584510d982075f838b17cd6d",
        "is_verified": false,
        "line_number": 57
      }
    ],
    "backend/tests/test_ai_config.py": [
      {
        "type": "Secret Keyword",
        "filename": "backend/tests/test_ai_config.py",
        "hashed_secret": "a41545228db4a279d0e408d38c621255944c32b4",
        "is_verified": false,
        "line_number": 111
      },
      {
        "type": "Secret Keyword",
        "filename": "backend/tests/test_ai_config.py",
        "hashed_secret": "ffc7b27c5ee452d6f8eb9d91972a62df55b48c3d",
        "is_verified": false,
        "line_number": 112
      },
      {
        "type": "Secret Keyword",
        "filename": "backend/tests/test_ai_config.py",
        "hashed_secret": "840fbeef0246e5178dd0efcdaef15300a9b85cdc",
        "is_verified": false,
        "line_number": 146
      },
      {
        "type": "Secret Keyword",
        "filename": "backend/tests/test_ai_config.py",
        "hashed_secret": "8c9cb5ffe4d7fc5ed1a6f6df229def8df6e4cdd7",
        "is_verified": false,
        "line_number": 147
      }
    ],
    "backend/tests/test_ai_judge.py": [
      {
        "type": "Secret Keyword",
        "filename": "backend/tests/test_ai_judge.py",
        "hashed_secret": "9139236dfe89960fee34d53b6089795fe376682e",
        "is_verified": false,
        "line_number": 168
      },
      {
        "type": "Secret Keyword",
        "filename": "backend/tests/test_ai_judge.py",
        "hashed_secret": "9cea46b39bd44a1ef9f3e71bfe9e45c24d3300f6",
        "is_verified": false,
        "line_number": 208
      },
      {
        "type": "Secret Keyword",
        "filename": "backend/tests/test_ai_judge.py",
        "hashed_secret": "e9a5f12a8ecbb3eb46eca5096b5c52aa5e7c9fdd",
        "is_verified": false,
        "line_number": 231
      }
    ],
    "backend/tests/test_ai_prefilter.py": [
      {
        "type": "Secret Keyword",
        "filename": "backend/tests/test_ai_prefilter.py",
        "hashed_secret": "e9a5f12a8ecbb3eb46eca5096b5c52aa5e7c9fdd",
        "is_verified": false,
        "line_number": 182
      }
    ],
    "backend/tests/test_auth.py": [
      {
        "type": "Secret Keyword",
        "filename": "backend/tests/test_auth.py",
        "hashed_secret": "602ab1c4b859f1c5ef3663c02455c88456a3eb62",
        "is_verified": false,
        "line_number": 22
      },
      {
        "type": "Secret Keyword",
        "filename": "backend/tests/test_auth.py",
        "hashed_secret": "7f8316036b3ebfb2b145b09b947d8e3b22f974dc",
        "is_verified": false,
        "line_number": 78
      },
      {
        "type": "Secret Keyword",
        "filename": "backend/tests/test_auth.py",
        "hashed_secret": "576ef98d8edf7ce6385ad1620800a32ec6bf32ac",
        "is_verified": false,
        "line_number": 105
      },
      {
        "type": "Secret Keyword",
        "filename": "backend/tests/test_auth.py",
        "hashed_secret": "a0f4ea7d91495df92bbac2e2149dfb850fe81396",
        "is_verified": false,
        "line_number": 118
      },
      {
        "type": "Secret Keyword",
        "filename": "backend/tests/test_auth.py",
        "hashed_secret": "d8ecf7db8fc9ec9c31bc5c9ae2929cc599c75f8d",
        "is_verified": false,
        "line_number": 168
      },
      {
        "type": "Secret Keyword",
        "filename": "backend/tests/test_auth.py",
        "hashed_secret": "cbfdac6008f9cab4083784cbd1874f76618d2a97",
        "is_verified": false,
        "line_number": 179
      },
      {
        "type": "Secret Keyword",
        "filename": "backend/tests/test_auth.py",
        "hashed_secret": "6211dfd2282903503f9d5ae63cf0f4322989cbf1",
        "is_verified": false,
        "line_number": 260
      },
      {
        "type": "Secret Keyword",
        "filename": "backend/tests/test_auth.py",
        "hashed_secret": "b1f1b75ac632fb4c7ac207a2a2909aa44b6cbc7b",
        "is_verified": false,
        "line_number": 352
      },
      {
        "type": "Secret Keyword",
        "filename": "backend/tests/test_auth.py",
        "hashed_secret": "2a33d1192dbd46cba5199d25e8e3dddd9dc1da6f",
        "is_verified": false,
        "line_number": 491
      }
    ],
    "backend/tests/test_auth_rbac.py": [
      {
        "type": "Secret Keyword",
        "filename": "backend/tests/test_auth_rbac.py",
        "hashed_secret": "3b1c68c33518e51285fbec5f75d4aa52b64f25e3",
        "is_verified": false,
        "line_number": 20
      },
      {
        "type": "Secret Keyword",
        "filename": "backend/tests/test_auth_rbac.py",
        "hashed_secret": "7f8316036b3ebfb2b145b09b947d8e3b22f974dc",
        "is_verified": false,
        "line_number": 69
      },
      {
        "type": "Secret Keyword",
        "filename": "backend/tests/test_auth_rbac.py",
        "hashed_secret": "cbfdac6008f9cab4083784cbd1874f76618d2a97",
        "is_verified": false,
        "line_number": 92
      },
      {
        "type": "Secret Keyword",
        "filename": "backend/tests/test_auth_rbac.py",
        "hashed_secret": "6211dfd2282903503f9d5ae63cf0f4322989cbf1",
        "is_verified": false,
        "line_number": 196
      }
    ],
    "backend/tests/test_automation_partner_boundaries.py": [
      {
        "type": "Secret Keyword",
        "filename": "backend/tests/test_automation_partner_boundaries.py",
        "hashed_secret": "ab08a26c013f74b12d9d5eae3bcf513987a03f72",
        "is_verified": false,
        "line_number": 104
      }
    ],
    "backend/tests/test_exchange_kraken_client.py": [
      {
        "type": "Secret Keyword",
        "filename": "backend/tests/test_exchange_kraken_client.py",
        "hashed_secret": "504a3bd1d38b79d8e78a027b1848cd7a58c04481",
        "is_verified": false,
        "line_number": 30
      }
    ],
    "backend/tests/test_exchange_okx_client.py": [
      {
        "type": "Secret Keyword",
        "filename": "backend/tests/test_exchange_okx_client.py",
        "hashed_secret": "504a3bd1d38b79d8e78a027b1848cd7a58c04481",
        "is_verified": false,
        "line_number": 31
      }
    ],
    "backend/tests/test_knowledge_service.py": [
      {
        "type": "Secret Keyword",
        "filename": "backend/tests/test_knowledge_service.py",
        "hashed_secret": "3acfb2c2b433c0ea7ff107e33df91b18e52f960f",
        "is_verified": false,
        "line_number": 39
      },
      {
        "type": "Secret Keyword",
        "filename": "backend/tests/test_knowledge_service.py",
        "hashed_secret": "69dba6dfc0be932d10cdbfaae770c300cd7e0e3c",
        "is_verified": false,
        "line_number": 539
      },
      {
        "type": "Secret Keyword",
        "filename": "backend/tests/test_knowledge_service.py",
        "hashed_secret": "840fbeef0246e5178dd0efcdaef15300a9b85cdc",
        "is_verified": false,
        "line_number": 567
      }
    ],
    "backend/tests/test_octobot_client.py": [
      {
        "type": "Secret Keyword",
        "filename": "backend/tests/test_octobot_client.py",
        "hashed_secret": "2e7a7ee14caebf378fc32d6cf6f557f347c96773",
        "is_verified": false,
        "line_number": 18
      },
      {
        "type": "Secret Keyword",
        "filename": "backend/tests/test_octobot_client.py",
        "hashed_secret": "9139236dfe89960fee34d53b6089795fe376682e",
        "is_verified": false,
        "line_number": 53
      }
    ],
    "backend/tests/test_rebalance_service.py": [
      {
        "type": "Secret Keyword",
        "filename": "backend/tests/test_rebalance_service.py",
        "hashed_secret": "e1031629b3dd4f31fbc12284ad98ed332f0f44f2",
        "is_verified": false,
        "line_number": 1011
      }
    ],
    "backend/tests/test_security_review.py": [
      {
        "type": "Secret Keyword",
        "filename": "backend/tests/test_security_review.py",
        "hashed_secret": "829c3804401b0727f70f73d4415e162400cbe57b",
        "is_verified": false,
        "line_number": 647
      }
    ],
    "backend/tests/test_webhook_router.py": [
      {
        "type": "Secret Keyword",
        "filename": "backend/tests/test_webhook_router.py",
        "hashed_secret": "51cc643375ebd1ed1aeaeb34e6bd48e530e2c7f1",
        "is_verified": false,
        "line_number": 172
      },
      {
        "type": "Secret Keyword",
        "filename": "backend/tests/test_webhook_router.py",
        "hashed_secret": "e9fe51f94eadabf54dbf2fbbd57188b9abee436e",
        "is_verified": false,
        "line_number": 190
      }
    ],
    "docker-compose.local.yml": [
      {
        "type": "Secret Keyword",
        "filename": "docker-compose.local.yml",
        "hashed_secret": "58729d0e6d2a32cc897bd6d601980806738619ed",
        "is_verified": false,
        "line_number": 7
      }
    ],
    "docs/24_partner_test_guide.md": [
      {
        "type": "Basic Auth Credentials",
        "filename": "docs/24_partner_test_guide.md",
        "hashed_secret": "dbfa311ae7c229b459beb9dc4f3f7a3dae66603e",
        "is_verified": false,
        "line_number": 50
      }
    ],
    "scripts/generate_test_wallet.py": [
      {
        "type": "Secret Keyword",
        "filename": "scripts/generate_test_wallet.py",
        "hashed_secret": "1a349dcc540a3978584510d982075f838b17cd6d",
        "is_verified": false,
        "line_number": 49
      }
    ]
  },
  "generated_at": "2026-03-17T00:56:49Z"
}
